2026-04-30 00:40:16,134 [main] INFO  [] com.dz.erp.EngineAApplication - Starting EngineAApplication using Java 25 with PID 4188 (C:\Users\loukm\OneDrive\Desktop\fuck erp\ERP_ALGERIA\engine-a\target\classes started by loukm in C:\Users\loukm\OneDrive\Desktop\fuck erp\ERP_ALGERIA\engine-a)
2026-04-30 00:40:16,138 [main] DEBUG [] com.dz.erp.EngineAApplication - Running with Spring Boot v4.0.0, Spring v7.0.1
2026-04-30 00:40:16,139 [main] INFO  [] com.dz.erp.EngineAApplication - No active profile set, falling back to 1 default profile: "default"
2026-04-30 00:40:19,809 [main] INFO  [] o.s.d.r.c.RepositoryConfigurationDelegate - Multiple Spring Data modules found, entering strict repository configuration mode
2026-04-30 00:40:19,814 [main] INFO  [] o.s.d.r.c.RepositoryConfigurationDelegate - Bootstrapping Spring Data JPA repositories in DEFAULT mode.
2026-04-30 00:40:20,838 [main] INFO  [] o.s.d.r.c.RepositoryConfigurationDelegate - Finished Spring Data repository scanning in 1010 ms. Found 29 JPA repository interfaces.
2026-04-30 00:40:20,948 [main] INFO  [] o.s.d.r.c.RepositoryConfigurationDelegate - Multiple Spring Data modules found, entering strict repository configuration mode
2026-04-30 00:40:20,951 [main] INFO  [] o.s.d.r.c.RepositoryConfigurationDelegate - Bootstrapping Spring Data Redis repositories in DEFAULT mode.
2026-04-30 00:40:21,200 [main] INFO  [] o.s.d.r.c.RepositoryConfigurationExtensionSupport - Spring Data Redis - Could not safely identify store assignment for repository candidate interface com.dz.erp.catalog.category.infrastructure.persistence.CategorySpringDataRepository; If you want this repository to be a Redis repository, consider annotating your entities with one of these annotations: org.springframework.data.redis.core.RedisHash (preferred), or consider extending one of the following types with your repository: org.springframework.data.keyvalue.repository.KeyValueRepository
2026-04-30 00:40:21,201 [main] INFO  [] o.s.d.r.c.RepositoryConfigurationExtensionSupport - Spring Data Redis - Could not safely identify store assignment for repository candidate interface com.dz.erp.catalog.channel.infrastructure.persistence.SalesChannelSpringDataRepository; If you want this repository to be a Redis repository, consider annotating your entities with one of these annotations: org.springframework.data.redis.core.RedisHash (preferred), or consider extending one of the following types with your repository: org.springframework.data.keyvalue.repository.KeyValueRepository
2026-04-30 00:40:21,203 [main] INFO  [] o.s.d.r.c.RepositoryConfigurationExtensionSupport - Spring Data Redis - Could not safely identify store assignment for repository candidate interface com.dz.erp.catalog.product.infrastructure.persistence.CatalogProductSpringDataRepository; If you want this repository to be a Redis repository, consider annotating your entities with one of these annotations: org.springframework.data.redis.core.RedisHash (preferred), or consider extending one of the following types with your repository: org.springframework.data.keyvalue.repository.KeyValueRepository
2026-04-30 00:40:21,204 [main] INFO  [] o.s.d.r.c.RepositoryConfigurationExtensionSupport - Spring Data Redis - Could not safely identify store assignment for repository candidate interface com.dz.erp.inventory.alert.infrastructure.persistence.StockAlertSpringDataRepository; If you want this repository to be a Redis repository, consider annotating your entities with one of these annotations: org.springframework.data.redis.core.RedisHash (preferred), or consider extending one of the following types with your repository: org.springframework.data.keyvalue.repository.KeyValueRepository
2026-04-30 00:40:21,204 [main] INFO  [] o.s.d.r.c.RepositoryConfigurationExtensionSupport - Spring Data Redis - Could not safely identify store assignment for repository candidate interface com.dz.erp.inventory.reservation.infrastructure.persistence.ReservationSpringDataRepository; If you want this repository to be a Redis repository, consider annotating your entities with one of these annotations: org.springframework.data.redis.core.RedisHash (preferred), or consider extending one of the following types with your repository: org.springframework.data.keyvalue.repository.KeyValueRepository
2026-04-30 00:40:21,205 [main] INFO  [] o.s.d.r.c.RepositoryConfigurationExtensionSupport - Spring Data Redis - Could not safely identify store assignment for repository candidate interface com.dz.erp.inventory.returns.infrastructure.persistence.ReturnInspectionSpringDataRepository; If you want this repository to be a Redis repository, consider annotating your entities with one of these annotations: org.springframework.data.redis.core.RedisHash (preferred), or consider extending one of the following types with your repository: org.springframework.data.keyvalue.repository.KeyValueRepository
2026-04-30 00:40:21,206 [main] INFO  [] o.s.d.r.c.RepositoryConfigurationExtensionSupport - Spring Data Redis - Could not safely identify store assignment for repository candidate interface com.dz.erp.inventory.stock.infrastructure.persistence.FifoLayerSpringDataRepository; If you want this repository to be a Redis repository, consider annotating your entities with one of these annotations: org.springframework.data.redis.core.RedisHash (preferred), or consider extending one of the following types with your repository: org.springframework.data.keyvalue.repository.KeyValueRepository
2026-04-30 00:40:21,206 [main] INFO  [] o.s.d.r.c.RepositoryConfigurationExtensionSupport - Spring Data Redis - Could not safely identify store assignment for repository candidate interface com.dz.erp.inventory.stock.infrastructure.persistence.StockMovementSpringDataRepository; If you want this repository to be a Redis repository, consider annotating your entities with one of these annotations: org.springframework.data.redis.core.RedisHash (preferred), or consider extending one of the following types with your repository: org.springframework.data.keyvalue.repository.KeyValueRepository
2026-04-30 00:40:21,207 [main] INFO  [] o.s.d.r.c.RepositoryConfigurationExtensionSupport - Spring Data Redis - Could not safely identify store assignment for repository candidate interface com.dz.erp.inventory.stock.infrastructure.persistence.StockRecordSpringDataRepository; If you want this repository to be a Redis repository, consider annotating your entities with one of these annotations: org.springframework.data.redis.core.RedisHash (preferred), or consider extending one of the following types with your repository: org.springframework.data.keyvalue.repository.KeyValueRepository
2026-04-30 00:40:21,209 [main] INFO  [] o.s.d.r.c.RepositoryConfigurationExtensionSupport - Spring Data Redis - Could not safely identify store assignment for repository candidate interface com.dz.erp.oms.integration.infrastructure.persistence.CarrierRouterRuleSpringDataRepository; If you want this repository to be a Redis repository, consider annotating your entities with one of these annotations: org.springframework.data.redis.core.RedisHash (preferred), or consider extending one of the following types with your repository: org.springframework.data.keyvalue.repository.KeyValueRepository
2026-04-30 00:40:21,212 [main] INFO  [] o.s.d.r.c.RepositoryConfigurationExtensionSupport - Spring Data Redis - Could not safely identify store assignment for repository candidate interface com.dz.erp.oms.integration.infrastructure.persistence.CarrierShipmentSpringDataRepository; If you want this repository to be a Redis repository, consider annotating your entities with one of these annotations: org.springframework.data.redis.core.RedisHash (preferred), or consider extending one of the following types with your repository: org.springframework.data.keyvalue.repository.KeyValueRepository
2026-04-30 00:40:21,214 [main] INFO  [] o.s.d.r.c.RepositoryConfigurationExtensionSupport - Spring Data Redis - Could not safely identify store assignment for repository candidate interface com.dz.erp.oms.integration.infrastructure.persistence.CarrierWebhookEventSpringDataRepository; If you want this repository to be a Redis repository, consider annotating your entities with one of these annotations: org.springframework.data.redis.core.RedisHash (preferred), or consider extending one of the following types with your repository: org.springframework.data.keyvalue.repository.KeyValueRepository
2026-04-30 00:40:21,215 [main] INFO  [] o.s.d.r.c.RepositoryConfigurationExtensionSupport - Spring Data Redis - Could not safely identify store assignment for repository candidate interface com.dz.erp.oms.order.infrastructure.persistence.OrderSpringDataRepository; If you want this repository to be a Redis repository, consider annotating your entities with one of these annotations: org.springframework.data.redis.core.RedisHash (preferred), or consider extending one of the following types with your repository: org.springframework.data.keyvalue.repository.KeyValueRepository
2026-04-30 00:40:21,215 [main] INFO  [] o.s.d.r.c.RepositoryConfigurationExtensionSupport - Spring Data Redis - Could not safely identify store assignment for repository candidate interface com.dz.erp.oms.returns.infrastructure.persistence.ReturnRequestSpringDataRepository; If you want this repository to be a Redis repository, consider annotating your entities with one of these annotations: org.springframework.data.redis.core.RedisHash (preferred), or consider extending one of the following types with your repository: org.springframework.data.keyvalue.repository.KeyValueRepository
2026-04-30 00:40:21,216 [main] INFO  [] o.s.d.r.c.RepositoryConfigurationExtensionSupport - Spring Data Redis - Could not safely identify store assignment for repository candidate interface com.dz.erp.pim.attribute.infrastructure.persistence.ProductAttributeSpringDataRepository; If you want this repository to be a Redis repository, consider annotating your entities with one of these annotations: org.springframework.data.redis.core.RedisHash (preferred), or consider extending one of the following types with your repository: org.springframework.data.keyvalue.repository.KeyValueRepository
2026-04-30 00:40:21,217 [main] INFO  [] o.s.d.r.c.RepositoryConfigurationExtensionSupport - Spring Data Redis - Could not safely identify store assignment for repository candidate interface com.dz.erp.pim.audit.infrastructure.persistence.AuditSpringDataRepository; If you want this repository to be a Redis repository, consider annotating your entities with one of these annotations: org.springframework.data.redis.core.RedisHash (preferred), or consider extending one of the following types with your repository: org.springframework.data.keyvalue.repository.KeyValueRepository
2026-04-30 00:40:21,218 [main] INFO  [] o.s.d.r.c.RepositoryConfigurationExtensionSupport - Spring Data Redis - Could not safely identify store assignment for repository candidate interface com.dz.erp.pim.logistics.infrastructure.persistence.LogisticsSpringDataRepository; If you want this repository to be a Redis repository, consider annotating your entities with one of these annotations: org.springframework.data.redis.core.RedisHash (preferred), or consider extending one of the following types with your repository: org.springframework.data.keyvalue.repository.KeyValueRepository
2026-04-30 00:40:21,219 [main] INFO  [] o.s.d.r.c.RepositoryConfigurationExtensionSupport - Spring Data Redis - Could not safely identify store assignment for repository candidate interface com.dz.erp.pim.logistics.infrastructure.persistence.WilayaRestrictionSpringDataRepository; If you want this repository to be a Redis repository, consider annotating your entities with one of these annotations: org.springframework.data.redis.core.RedisHash (preferred), or consider extending one of the following types with your repository: org.springframework.data.keyvalue.repository.KeyValueRepository
2026-04-30 00:40:21,220 [main] INFO  [] o.s.d.r.c.RepositoryConfigurationExtensionSupport - Spring Data Redis - Could not safely identify store assignment for repository candidate interface com.dz.erp.pim.media.infrastructure.persistence.ProductMediaSpringDataRepository; If you want this repository to be a Redis repository, consider annotating your entities with one of these annotations: org.springframework.data.redis.core.RedisHash (preferred), or consider extending one of the following types with your repository: org.springframework.data.keyvalue.repository.KeyValueRepository
2026-04-30 00:40:21,220 [main] INFO  [] o.s.d.r.c.RepositoryConfigurationExtensionSupport - Spring Data Redis - Could not safely identify store assignment for repository candidate interface com.dz.erp.pim.ocr.infrastructure.persistence.OcrJobLineSpringDataRepository; If you want this repository to be a Redis repository, consider annotating your entities with one of these annotations: org.springframework.data.redis.core.RedisHash (preferred), or consider extending one of the following types with your repository: org.springframework.data.keyvalue.repository.KeyValueRepository
2026-04-30 00:40:21,220 [main] INFO  [] o.s.d.r.c.RepositoryConfigurationExtensionSupport - Spring Data Redis - Could not safely identify store assignment for repository candidate interface com.dz.erp.pim.ocr.infrastructure.persistence.OcrJobSpringDataRepository; If you want this repository to be a Redis repository, consider annotating your entities with one of these annotations: org.springframework.data.redis.core.RedisHash (preferred), or consider extending one of the following types with your repository: org.springframework.data.keyvalue.repository.KeyValueRepository
2026-04-30 00:40:21,221 [main] INFO  [] o.s.d.r.c.RepositoryConfigurationExtensionSupport - Spring Data Redis - Could not safely identify store assignment for repository candidate interface com.dz.erp.pim.pricing.infrastructure.persistence.PriceHistorySpringDataRepository; If you want this repository to be a Redis repository, consider annotating your entities with one of these annotations: org.springframework.data.redis.core.RedisHash (preferred), or consider extending one of the following types with your repository: org.springframework.data.keyvalue.repository.KeyValueRepository
2026-04-30 00:40:21,222 [main] INFO  [] o.s.d.r.c.RepositoryConfigurationExtensionSupport - Spring Data Redis - Could not safely identify store assignment for repository candidate interface com.dz.erp.pim.pricing.infrastructure.persistence.PriceSpringDataRepository; If you want this repository to be a Redis repository, consider annotating your entities with one of these annotations: org.springframework.data.redis.core.RedisHash (preferred), or consider extending one of the following types with your repository: org.springframework.data.keyvalue.repository.KeyValueRepository
2026-04-30 00:40:21,222 [main] INFO  [] o.s.d.r.c.RepositoryConfigurationExtensionSupport - Spring Data Redis - Could not safely identify store assignment for repository candidate interface com.dz.erp.pim.product.infrastructure.persistence.ProductSpringDataRepository; If you want this repository to be a Redis repository, consider annotating your entities with one of these annotations: org.springframework.data.redis.core.RedisHash (preferred), or consider extending one of the following types with your repository: org.springframework.data.keyvalue.repository.KeyValueRepository
2026-04-30 00:40:21,223 [main] INFO  [] o.s.d.r.c.RepositoryConfigurationExtensionSupport - Spring Data Redis - Could not safely identify store assignment for repository candidate interface com.dz.erp.pim.seo.infrastructure.persistence.SeoSpringDataRepository; If you want this repository to be a Redis repository, consider annotating your entities with one of these annotations: org.springframework.data.redis.core.RedisHash (preferred), or consider extending one of the following types with your repository: org.springframework.data.keyvalue.repository.KeyValueRepository
2026-04-30 00:40:21,223 [main] INFO  [] o.s.d.r.c.RepositoryConfigurationExtensionSupport - Spring Data Redis - Could not safely identify store assignment for repository candidate interface com.dz.erp.pim.variant.infrastructure.persistence.VariantAttributeSpringDataRepository; If you want this repository to be a Redis repository, consider annotating your entities with one of these annotations: org.springframework.data.redis.core.RedisHash (preferred), or consider extending one of the following types with your repository: org.springframework.data.keyvalue.repository.KeyValueRepository
2026-04-30 00:40:21,224 [main] INFO  [] o.s.d.r.c.RepositoryConfigurationExtensionSupport - Spring Data Redis - Could not safely identify store assignment for repository candidate interface com.dz.erp.pim.variant.infrastructure.persistence.VariantSpringDataRepository; If you want this repository to be a Redis repository, consider annotating your entities with one of these annotations: org.springframework.data.redis.core.RedisHash (preferred), or consider extending one of the following types with your repository: org.springframework.data.keyvalue.repository.KeyValueRepository
2026-04-30 00:40:21,224 [main] INFO  [] o.s.d.r.c.RepositoryConfigurationExtensionSupport - Spring Data Redis - Could not safely identify store assignment for repository candidate interface com.dz.erp.shared.notification.infrastructure.persistence.NotificationSpringDataRepository; If you want this repository to be a Redis repository, consider annotating your entities with one of these annotations: org.springframework.data.redis.core.RedisHash (preferred), or consider extending one of the following types with your repository: org.springframework.data.keyvalue.repository.KeyValueRepository
2026-04-30 00:40:21,225 [main] INFO  [] o.s.d.r.c.RepositoryConfigurationExtensionSupport - Spring Data Redis - Could not safely identify store assignment for repository candidate interface com.dz.erp.shared.outbox.OutboxJpaRepository; If you want this repository to be a Redis repository, consider annotating your entities with one of these annotations: org.springframework.data.redis.core.RedisHash (preferred), or consider extending one of the following types with your repository: org.springframework.data.keyvalue.repository.KeyValueRepository
2026-04-30 00:40:21,225 [main] INFO  [] o.s.d.r.c.RepositoryConfigurationDelegate - Finished Spring Data repository scanning in 251 ms. Found 0 Redis repository interfaces.
2026-04-30 00:40:23,330 [main] INFO  [] o.s.boot.tomcat.TomcatWebServer - Tomcat initialized with port 8082 (http)
2026-04-30 00:40:23,368 [main] INFO  [] o.a.catalina.core.StandardService - Starting service [Tomcat]
2026-04-30 00:40:23,369 [main] INFO  [] o.a.catalina.core.StandardEngine - Starting Servlet engine: [Apache Tomcat/11.0.14]
2026-04-30 00:40:23,558 [main] INFO  [] o.s.b.w.c.s.WebApplicationContextInitializer - Root WebApplicationContext: initialization completed in 7298 ms
2026-04-30 00:40:24,045 [main] DEBUG [] c.d.e.s.s.JwtAuthenticationFilter - Filter 'jwtAuthenticationFilter' configured for use
2026-04-30 00:40:24,646 [main] INFO  [] o.h.jpa.internal.util.LogHelper - HHH000204: Processing PersistenceUnitInfo [name: default]
2026-04-30 00:40:24,971 [main] INFO  [] org.hibernate.Version - HHH000412: Hibernate ORM core version 7.1.8.Final
2026-04-30 00:40:26,852 [main] INFO  [] o.s.o.j.p.SpringPersistenceUnitInfo - No LoadTimeWeaver setup: ignoring JPA class transformer
2026-04-30 00:40:27,001 [main] INFO  [] com.zaxxer.hikari.HikariDataSource - HikariPool-1 - Starting...
2026-04-30 00:40:27,584 [main] INFO  [] com.zaxxer.hikari.pool.HikariPool - HikariPool-1 - Added connection org.postgresql.jdbc.PgConnection@52b4da7c
2026-04-30 00:40:27,589 [main] INFO  [] com.zaxxer.hikari.HikariDataSource - HikariPool-1 - Start completed.
2026-04-30 00:40:27,816 [main] INFO  [] o.hibernate.orm.connections.pooling - HHH10001005: Database info:
	Database JDBC URL [jdbc:postgresql://localhost:5432/ERP]
	Database driver: PostgreSQL JDBC Driver
	Database dialect: PostgreSQLDialect
	Database version: 17.6
	Default catalog/schema: ERP/public
	Autocommit mode: undefined/unknown
	Isolation level: READ_COMMITTED [default READ_COMMITTED]
	JDBC fetch size: none
	Pool: DatasourceConnectionProviderImpl
	Minimum pool size: undefined/unknown
	Maximum pool size: undefined/unknown
2026-04-30 00:40:33,716 [main] INFO  [] o.h.e.t.j.p.i.JtaPlatformInitiator - HHH000489: No JTA platform available (set 'hibernate.transaction.jta.platform' to enable JTA platform integration)
2026-04-30 00:40:34,324 [main] INFO  [] o.s.o.j.LocalContainerEntityManagerFactoryBean - Initialized JPA EntityManagerFactory for persistence unit 'default'
2026-04-30 00:40:34,671 [main] INFO  [] o.s.d.j.r.q.QueryEnhancerFactories - Hibernate is in classpath; If applicable, HQL parser will be used.
2026-04-30 00:40:52,594 [main] WARN  [] o.s.b.w.s.s.c.AnnotationConfigServletWebServerApplicationContext - Exception encountered during context initialization - cancelling refresh attempt: org.springframework.beans.factory.UnsatisfiedDependencyException: Error creating bean with name 'ocrJobController' defined in file [C:\Users\loukm\OneDrive\Desktop\fuck erp\ERP_ALGERIA\engine-a\target\classes\com\dz\erp\pim\ocr\Api\OcrJobController.class]: Unsatisfied dependency expressed through constructor parameter 0: Error creating bean with name 'ocrJobService': Lookup method resolution failed
2026-04-30 00:40:52,645 [main] INFO  [] o.s.o.j.LocalContainerEntityManagerFactoryBean - Closing JPA EntityManagerFactory for persistence unit 'default'
2026-04-30 00:40:52,654 [main] INFO  [] com.zaxxer.hikari.HikariDataSource - HikariPool-1 - Shutdown initiated...
2026-04-30 00:40:52,668 [main] INFO  [] com.zaxxer.hikari.HikariDataSource - HikariPool-1 - Shutdown completed.
2026-04-30 00:40:52,673 [main] INFO  [] o.a.catalina.core.StandardService - Stopping service [Tomcat]
2026-04-30 00:40:52,714 [main] INFO  [] o.s.b.a.l.ConditionEvaluationReportLogger - 

Error starting ApplicationContext. To display the condition evaluation report re-run your application with 'debug' enabled.
2026-04-30 00:40:52,766 [main] ERROR [] o.s.boot.SpringApplication - Application run failed
org.springframework.beans.factory.UnsatisfiedDependencyException: Error creating bean with name 'ocrJobController' defined in file [C:\Users\loukm\OneDrive\Desktop\fuck erp\ERP_ALGERIA\engine-a\target\classes\com\dz\erp\pim\ocr\Api\OcrJobController.class]: Unsatisfied dependency expressed through constructor parameter 0: Error creating bean with name 'ocrJobService': Lookup method resolution failed
	at org.springframework.beans.factory.support.ConstructorResolver.createArgumentArray(ConstructorResolver.java:804)
	at org.springframework.beans.factory.support.ConstructorResolver.autowireConstructor(ConstructorResolver.java:240)
	at org.springframework.beans.factory.support.AbstractAutowireCapableBeanFactory.autowireConstructor(AbstractAutowireCapableBeanFactory.java:1382)
	at org.springframework.beans.factory.support.AbstractAutowireCapableBeanFactory.createBeanInstance(AbstractAutowireCapableBeanFactory.java:1221)
	at org.springframework.beans.factory.support.AbstractAutowireCapableBeanFactory.doCreateBean(AbstractAutowireCapableBeanFactory.java:565)
	at org.springframework.beans.factory.support.AbstractAutowireCapableBeanFactory.createBean(AbstractAutowireCapableBeanFactory.java:525)
	at org.springframework.beans.factory.support.AbstractBeanFactory.lambda$doGetBean$0(AbstractBeanFactory.java:333)
	at org.springframework.beans.factory.support.DefaultSingletonBeanRegistry.getSingleton(DefaultSingletonBeanRegistry.java:371)
	at org.springframework.beans.factory.support.AbstractBeanFactory.doGetBean(AbstractBeanFactory.java:331)
	at org.springframework.beans.factory.support.AbstractBeanFactory.getBean(AbstractBeanFactory.java:196)
	at org.springframework.beans.factory.support.DefaultListableBeanFactory.instantiateSingleton(DefaultListableBeanFactory.java:1218)
	at org.springframework.beans.factory.support.DefaultListableBeanFactory.preInstantiateSingleton(DefaultListableBeanFactory.java:1184)
	at org.springframework.beans.factory.support.DefaultListableBeanFactory.preInstantiateSingletons(DefaultListableBeanFactory.java:1121)
	at org.springframework.context.support.AbstractApplicationContext.finishBeanFactoryInitialization(AbstractApplicationContext.java:983)
	at org.springframework.context.support.AbstractApplicationContext.refresh(AbstractApplicationContext.java:620)
	at org.springframework.boot.web.server.servlet.context.ServletWebServerApplicationContext.refresh(ServletWebServerApplicationContext.java:143)
	at org.springframework.boot.SpringApplication.refresh(SpringApplication.java:765)
	at org.springframework.boot.SpringApplication.refreshContext(SpringApplication.java:454)
	at org.springframework.boot.SpringApplication.run(SpringApplication.java:321)
	at org.springframework.boot.SpringApplication.run(SpringApplication.java:1374)
	at org.springframework.boot.SpringApplication.run(SpringApplication.java:1363)
	at com.dz.erp.EngineAApplication.main(EngineAApplication.java:13)
Caused by: org.springframework.beans.factory.BeanCreationException: Error creating bean with name 'ocrJobService': Lookup method resolution failed
	at org.springframework.beans.factory.annotation.AutowiredAnnotationBeanPostProcessor.checkLookupMethods(AutowiredAnnotationBeanPostProcessor.java:481)
	at org.springframework.beans.factory.annotation.AutowiredAnnotationBeanPostProcessor.determineCandidateConstructors(AutowiredAnnotationBeanPostProcessor.java:351)
	at org.springframework.beans.factory.support.AbstractAutowireCapableBeanFactory.determineConstructorsFromBeanPostProcessors(AbstractAutowireCapableBeanFactory.java:1321)
	at org.springframework.beans.factory.support.AbstractAutowireCapableBeanFactory.createBeanInstance(AbstractAutowireCapableBeanFactory.java:1218)
	at org.springframework.beans.factory.support.AbstractAutowireCapableBeanFactory.doCreateBean(AbstractAutowireCapableBeanFactory.java:565)
	at org.springframework.beans.factory.support.AbstractAutowireCapableBeanFactory.createBean(AbstractAutowireCapableBeanFactory.java:525)
	at org.springframework.beans.factory.support.AbstractBeanFactory.lambda$doGetBean$0(AbstractBeanFactory.java:333)
	at org.springframework.beans.factory.support.DefaultSingletonBeanRegistry.getSingleton(DefaultSingletonBeanRegistry.java:371)
	at org.springframework.beans.factory.support.AbstractBeanFactory.doGetBean(AbstractBeanFactory.java:331)
	at org.springframework.beans.factory.support.AbstractBeanFactory.getBean(AbstractBeanFactory.java:201)
	at org.springframework.beans.factory.config.DependencyDescriptor.resolveCandidate(DependencyDescriptor.java:229)
	at org.springframework.beans.factory.support.DefaultListableBeanFactory.doResolveDependency(DefaultListableBeanFactory.java:1762)
	at org.springframework.beans.factory.support.DefaultListableBeanFactory.resolveDependency(DefaultListableBeanFactory.java:1651)
	at org.springframework.beans.factory.support.ConstructorResolver.resolveAutowiredArgument(ConstructorResolver.java:912)
	at org.springframework.beans.factory.support.ConstructorResolver.createArgumentArray(ConstructorResolver.java:791)
	... 21 common frames omitted
Caused by: java.lang.IllegalStateException: Failed to introspect Class [com.dz.erp.pim.ocr.application.OcrJobService] from ClassLoader [jdk.internal.loader.ClassLoaders$AppClassLoader@105be200]
	at org.springframework.util.ReflectionUtils.getDeclaredMethods(ReflectionUtils.java:483)
	at org.springframework.util.ReflectionUtils.doWithLocalMethods(ReflectionUtils.java:320)
	at org.springframework.beans.factory.annotation.AutowiredAnnotationBeanPostProcessor.checkLookupMethods(AutowiredAnnotationBeanPostProcessor.java:459)
	... 35 common frames omitted
Caused by: java.lang.NoClassDefFoundError: com/dz/erp/pim/ocr/application/dto/OcrJobResponse
	at java.base/java.lang.Class.getDeclaredMethods0(Native Method)
	at java.base/java.lang.Class.privateGetDeclaredMethods(Class.java:3010)
	at java.base/java.lang.Class.getDeclaredMethods(Class.java:2329)
	at org.springframework.util.ReflectionUtils.getDeclaredMethods(ReflectionUtils.java:465)
	... 37 common frames omitted
Caused by: java.lang.ClassNotFoundException: com.dz.erp.pim.ocr.application.dto.OcrJobResponse
	at java.base/jdk.internal.loader.BuiltinClassLoader.loadClass(BuiltinClassLoader.java:580)
	at java.base/java.lang.ClassLoader.loadClass(ClassLoader.java:490)
	... 41 common frames omitted
2026-04-30 00:42:31,000 [main] INFO  [] com.dz.erp.EngineAApplication - Starting EngineAApplication using Java 25 with PID 17464 (C:\Users\loukm\OneDrive\Desktop\fuck erp\ERP_ALGERIA\engine-a\target\classes started by loukm in C:\Users\loukm\OneDrive\Desktop\fuck erp\ERP_ALGERIA\engine-a)
2026-04-30 00:42:31,007 [main] DEBUG [] com.dz.erp.EngineAApplication - Running with Spring Boot v4.0.0, Spring v7.0.1
2026-04-30 00:42:31,009 [main] INFO  [] com.dz.erp.EngineAApplication - No active profile set, falling back to 1 default profile: "default"
2026-04-30 00:42:35,034 [main] INFO  [] o.s.d.r.c.RepositoryConfigurationDelegate - Multiple Spring Data modules found, entering strict repository configuration mode
2026-04-30 00:42:35,038 [main] INFO  [] o.s.d.r.c.RepositoryConfigurationDelegate - Bootstrapping Spring Data JPA repositories in DEFAULT mode.
2026-04-30 00:42:36,062 [main] INFO  [] o.s.d.r.c.RepositoryConfigurationDelegate - Finished Spring Data repository scanning in 1008 ms. Found 29 JPA repository interfaces.
2026-04-30 00:42:36,162 [main] INFO  [] o.s.d.r.c.RepositoryConfigurationDelegate - Multiple Spring Data modules found, entering strict repository configuration mode
2026-04-30 00:42:36,165 [main] INFO  [] o.s.d.r.c.RepositoryConfigurationDelegate - Bootstrapping Spring Data Redis repositories in DEFAULT mode.
2026-04-30 00:42:36,353 [main] INFO  [] o.s.d.r.c.RepositoryConfigurationExtensionSupport - Spring Data Redis - Could not safely identify store assignment for repository candidate interface com.dz.erp.catalog.category.infrastructure.persistence.CategorySpringDataRepository; If you want this repository to be a Redis repository, consider annotating your entities with one of these annotations: org.springframework.data.redis.core.RedisHash (preferred), or consider extending one of the following types with your repository: org.springframework.data.keyvalue.repository.KeyValueRepository
2026-04-30 00:42:36,353 [main] INFO  [] o.s.d.r.c.RepositoryConfigurationExtensionSupport - Spring Data Redis - Could not safely identify store assignment for repository candidate interface com.dz.erp.catalog.channel.infrastructure.persistence.SalesChannelSpringDataRepository; If you want this repository to be a Redis repository, consider annotating your entities with one of these annotations: org.springframework.data.redis.core.RedisHash (preferred), or consider extending one of the following types with your repository: org.springframework.data.keyvalue.repository.KeyValueRepository
2026-04-30 00:42:36,354 [main] INFO  [] o.s.d.r.c.RepositoryConfigurationExtensionSupport - Spring Data Redis - Could not safely identify store assignment for repository candidate interface com.dz.erp.catalog.product.infrastructure.persistence.CatalogProductSpringDataRepository; If you want this repository to be a Redis repository, consider annotating your entities with one of these annotations: org.springframework.data.redis.core.RedisHash (preferred), or consider extending one of the following types with your repository: org.springframework.data.keyvalue.repository.KeyValueRepository
2026-04-30 00:42:36,354 [main] INFO  [] o.s.d.r.c.RepositoryConfigurationExtensionSupport - Spring Data Redis - Could not safely identify store assignment for repository candidate interface com.dz.erp.inventory.alert.infrastructure.persistence.StockAlertSpringDataRepository; If you want this repository to be a Redis repository, consider annotating your entities with one of these annotations: org.springframework.data.redis.core.RedisHash (preferred), or consider extending one of the following types with your repository: org.springframework.data.keyvalue.repository.KeyValueRepository
2026-04-30 00:42:36,355 [main] INFO  [] o.s.d.r.c.RepositoryConfigurationExtensionSupport - Spring Data Redis - Could not safely identify store assignment for repository candidate interface com.dz.erp.inventory.reservation.infrastructure.persistence.ReservationSpringDataRepository; If you want this repository to be a Redis repository, consider annotating your entities with one of these annotations: org.springframework.data.redis.core.RedisHash (preferred), or consider extending one of the following types with your repository: org.springframework.data.keyvalue.repository.KeyValueRepository
2026-04-30 00:42:36,355 [main] INFO  [] o.s.d.r.c.RepositoryConfigurationExtensionSupport - Spring Data Redis - Could not safely identify store assignment for repository candidate interface com.dz.erp.inventory.returns.infrastructure.persistence.ReturnInspectionSpringDataRepository; If you want this repository to be a Redis repository, consider annotating your entities with one of these annotations: org.springframework.data.redis.core.RedisHash (preferred), or consider extending one of the following types with your repository: org.springframework.data.keyvalue.repository.KeyValueRepository
2026-04-30 00:42:36,356 [main] INFO  [] o.s.d.r.c.RepositoryConfigurationExtensionSupport - Spring Data Redis - Could not safely identify store assignment for repository candidate interface com.dz.erp.inventory.stock.infrastructure.persistence.FifoLayerSpringDataRepository; If you want this repository to be a Redis repository, consider annotating your entities with one of these annotations: org.springframework.data.redis.core.RedisHash (preferred), or consider extending one of the following types with your repository: org.springframework.data.keyvalue.repository.KeyValueRepository
2026-04-30 00:42:36,356 [main] INFO  [] o.s.d.r.c.RepositoryConfigurationExtensionSupport - Spring Data Redis - Could not safely identify store assignment for repository candidate interface com.dz.erp.inventory.stock.infrastructure.persistence.StockMovementSpringDataRepository; If you want this repository to be a Redis repository, consider annotating your entities with one of these annotations: org.springframework.data.redis.core.RedisHash (preferred), or consider extending one of the following types with your repository: org.springframework.data.keyvalue.repository.KeyValueRepository
2026-04-30 00:42:36,358 [main] INFO  [] o.s.d.r.c.RepositoryConfigurationExtensionSupport - Spring Data Redis - Could not safely identify store assignment for repository candidate interface com.dz.erp.inventory.stock.infrastructure.persistence.StockRecordSpringDataRepository; If you want this repository to be a Redis repository, consider annotating your entities with one of these annotations: org.springframework.data.redis.core.RedisHash (preferred), or consider extending one of the following types with your repository: org.springframework.data.keyvalue.repository.KeyValueRepository
2026-04-30 00:42:36,360 [main] INFO  [] o.s.d.r.c.RepositoryConfigurationExtensionSupport - Spring Data Redis - Could not safely identify store assignment for repository candidate interface com.dz.erp.oms.integration.infrastructure.persistence.CarrierRouterRuleSpringDataRepository; If you want this repository to be a Redis repository, consider annotating your entities with one of these annotations: org.springframework.data.redis.core.RedisHash (preferred), or consider extending one of the following types with your repository: org.springframework.data.keyvalue.repository.KeyValueRepository
2026-04-30 00:42:36,360 [main] INFO  [] o.s.d.r.c.RepositoryConfigurationExtensionSupport - Spring Data Redis - Could not safely identify store assignment for repository candidate interface com.dz.erp.oms.integration.infrastructure.persistence.CarrierShipmentSpringDataRepository; If you want this repository to be a Redis repository, consider annotating your entities with one of these annotations: org.springframework.data.redis.core.RedisHash (preferred), or consider extending one of the following types with your repository: org.springframework.data.keyvalue.repository.KeyValueRepository
2026-04-30 00:42:36,362 [main] INFO  [] o.s.d.r.c.RepositoryConfigurationExtensionSupport - Spring Data Redis - Could not safely identify store assignment for repository candidate interface com.dz.erp.oms.integration.infrastructure.persistence.CarrierWebhookEventSpringDataRepository; If you want this repository to be a Redis repository, consider annotating your entities with one of these annotations: org.springframework.data.redis.core.RedisHash (preferred), or consider extending one of the following types with your repository: org.springframework.data.keyvalue.repository.KeyValueRepository
2026-04-30 00:42:36,363 [main] INFO  [] o.s.d.r.c.RepositoryConfigurationExtensionSupport - Spring Data Redis - Could not safely identify store assignment for repository candidate interface com.dz.erp.oms.order.infrastructure.persistence.OrderSpringDataRepository; If you want this repository to be a Redis repository, consider annotating your entities with one of these annotations: org.springframework.data.redis.core.RedisHash (preferred), or consider extending one of the following types with your repository: org.springframework.data.keyvalue.repository.KeyValueRepository
2026-04-30 00:42:36,363 [main] INFO  [] o.s.d.r.c.RepositoryConfigurationExtensionSupport - Spring Data Redis - Could not safely identify store assignment for repository candidate interface com.dz.erp.oms.returns.infrastructure.persistence.ReturnRequestSpringDataRepository; If you want this repository to be a Redis repository, consider annotating your entities with one of these annotations: org.springframework.data.redis.core.RedisHash (preferred), or consider extending one of the following types with your repository: org.springframework.data.keyvalue.repository.KeyValueRepository
2026-04-30 00:42:36,364 [main] INFO  [] o.s.d.r.c.RepositoryConfigurationExtensionSupport - Spring Data Redis - Could not safely identify store assignment for repository candidate interface com.dz.erp.pim.attribute.infrastructure.persistence.ProductAttributeSpringDataRepository; If you want this repository to be a Redis repository, consider annotating your entities with one of these annotations: org.springframework.data.redis.core.RedisHash (preferred), or consider extending one of the following types with your repository: org.springframework.data.keyvalue.repository.KeyValueRepository
2026-04-30 00:42:36,364 [main] INFO  [] o.s.d.r.c.RepositoryConfigurationExtensionSupport - Spring Data Redis - Could not safely identify store assignment for repository candidate interface com.dz.erp.pim.audit.infrastructure.persistence.AuditSpringDataRepository; If you want this repository to be a Redis repository, consider annotating your entities with one of these annotations: org.springframework.data.redis.core.RedisHash (preferred), or consider extending one of the following types with your repository: org.springframework.data.keyvalue.repository.KeyValueRepository
2026-04-30 00:42:36,364 [main] INFO  [] o.s.d.r.c.RepositoryConfigurationExtensionSupport - Spring Data Redis - Could not safely identify store assignment for repository candidate interface com.dz.erp.pim.logistics.infrastructure.persistence.LogisticsSpringDataRepository; If you want this repository to be a Redis repository, consider annotating your entities with one of these annotations: org.springframework.data.redis.core.RedisHash (preferred), or consider extending one of the following types with your repository: org.springframework.data.keyvalue.repository.KeyValueRepository
2026-04-30 00:42:36,365 [main] INFO  [] o.s.d.r.c.RepositoryConfigurationExtensionSupport - Spring Data Redis - Could not safely identify store assignment for repository candidate interface com.dz.erp.pim.logistics.infrastructure.persistence.WilayaRestrictionSpringDataRepository; If you want this repository to be a Redis repository, consider annotating your entities with one of these annotations: org.springframework.data.redis.core.RedisHash (preferred), or consider extending one of the following types with your repository: org.springframework.data.keyvalue.repository.KeyValueRepository
2026-04-30 00:42:36,365 [main] INFO  [] o.s.d.r.c.RepositoryConfigurationExtensionSupport - Spring Data Redis - Could not safely identify store assignment for repository candidate interface com.dz.erp.pim.media.infrastructure.persistence.ProductMediaSpringDataRepository; If you want this repository to be a Redis repository, consider annotating your entities with one of these annotations: org.springframework.data.redis.core.RedisHash (preferred), or consider extending one of the following types with your repository: org.springframework.data.keyvalue.repository.KeyValueRepository
2026-04-30 00:42:36,365 [main] INFO  [] o.s.d.r.c.RepositoryConfigurationExtensionSupport - Spring Data Redis - Could not safely identify store assignment for repository candidate interface com.dz.erp.pim.ocr.infrastructure.persistence.OcrJobLineSpringDataRepository; If you want this repository to be a Redis repository, consider annotating your entities with one of these annotations: org.springframework.data.redis.core.RedisHash (preferred), or consider extending one of the following types with your repository: org.springframework.data.keyvalue.repository.KeyValueRepository
2026-04-30 00:42:36,366 [main] INFO  [] o.s.d.r.c.RepositoryConfigurationExtensionSupport - Spring Data Redis - Could not safely identify store assignment for repository candidate interface com.dz.erp.pim.ocr.infrastructure.persistence.OcrJobSpringDataRepository; If you want this repository to be a Redis repository, consider annotating your entities with one of these annotations: org.springframework.data.redis.core.RedisHash (preferred), or consider extending one of the following types with your repository: org.springframework.data.keyvalue.repository.KeyValueRepository
2026-04-30 00:42:36,366 [main] INFO  [] o.s.d.r.c.RepositoryConfigurationExtensionSupport - Spring Data Redis - Could not safely identify store assignment for repository candidate interface com.dz.erp.pim.pricing.infrastructure.persistence.PriceHistorySpringDataRepository; If you want this repository to be a Redis repository, consider annotating your entities with one of these annotations: org.springframework.data.redis.core.RedisHash (preferred), or consider extending one of the following types with your repository: org.springframework.data.keyvalue.repository.KeyValueRepository
2026-04-30 00:42:36,366 [main] INFO  [] o.s.d.r.c.RepositoryConfigurationExtensionSupport - Spring Data Redis - Could not safely identify store assignment for repository candidate interface com.dz.erp.pim.pricing.infrastructure.persistence.PriceSpringDataRepository; If you want this repository to be a Redis repository, consider annotating your entities with one of these annotations: org.springframework.data.redis.core.RedisHash (preferred), or consider extending one of the following types with your repository: org.springframework.data.keyvalue.repository.KeyValueRepository
2026-04-30 00:42:36,367 [main] INFO  [] o.s.d.r.c.RepositoryConfigurationExtensionSupport - Spring Data Redis - Could not safely identify store assignment for repository candidate interface com.dz.erp.pim.product.infrastructure.persistence.ProductSpringDataRepository; If you want this repository to be a Redis repository, consider annotating your entities with one of these annotations: org.springframework.data.redis.core.RedisHash (preferred), or consider extending one of the following types with your repository: org.springframework.data.keyvalue.repository.KeyValueRepository
2026-04-30 00:42:36,369 [main] INFO  [] o.s.d.r.c.RepositoryConfigurationExtensionSupport - Spring Data Redis - Could not safely identify store assignment for repository candidate interface com.dz.erp.pim.seo.infrastructure.persistence.SeoSpringDataRepository; If you want this repository to be a Redis repository, consider annotating your entities with one of these annotations: org.springframework.data.redis.core.RedisHash (preferred), or consider extending one of the following types with your repository: org.springframework.data.keyvalue.repository.KeyValueRepository
2026-04-30 00:42:36,369 [main] INFO  [] o.s.d.r.c.RepositoryConfigurationExtensionSupport - Spring Data Redis - Could not safely identify store assignment for repository candidate interface com.dz.erp.pim.variant.infrastructure.persistence.VariantAttributeSpringDataRepository; If you want this repository to be a Redis repository, consider annotating your entities with one of these annotations: org.springframework.data.redis.core.RedisHash (preferred), or consider extending one of the following types with your repository: org.springframework.data.keyvalue.repository.KeyValueRepository
2026-04-30 00:42:36,369 [main] INFO  [] o.s.d.r.c.RepositoryConfigurationExtensionSupport - Spring Data Redis - Could not safely identify store assignment for repository candidate interface com.dz.erp.pim.variant.infrastructure.persistence.VariantSpringDataRepository; If you want this repository to be a Redis repository, consider annotating your entities with one of these annotations: org.springframework.data.redis.core.RedisHash (preferred), or consider extending one of the following types with your repository: org.springframework.data.keyvalue.repository.KeyValueRepository
2026-04-30 00:42:36,370 [main] INFO  [] o.s.d.r.c.RepositoryConfigurationExtensionSupport - Spring Data Redis - Could not safely identify store assignment for repository candidate interface com.dz.erp.shared.notification.infrastructure.persistence.NotificationSpringDataRepository; If you want this repository to be a Redis repository, consider annotating your entities with one of these annotations: org.springframework.data.redis.core.RedisHash (preferred), or consider extending one of the following types with your repository: org.springframework.data.keyvalue.repository.KeyValueRepository
2026-04-30 00:42:36,370 [main] INFO  [] o.s.d.r.c.RepositoryConfigurationExtensionSupport - Spring Data Redis - Could not safely identify store assignment for repository candidate interface com.dz.erp.shared.outbox.OutboxJpaRepository; If you want this repository to be a Redis repository, consider annotating your entities with one of these annotations: org.springframework.data.redis.core.RedisHash (preferred), or consider extending one of the following types with your repository: org.springframework.data.keyvalue.repository.KeyValueRepository
2026-04-30 00:42:36,370 [main] INFO  [] o.s.d.r.c.RepositoryConfigurationDelegate - Finished Spring Data repository scanning in 186 ms. Found 0 Redis repository interfaces.
2026-04-30 00:42:37,739 [main] INFO  [] o.s.boot.tomcat.TomcatWebServer - Tomcat initialized with port 8082 (http)
2026-04-30 00:42:37,759 [main] INFO  [] o.a.catalina.core.StandardService - Starting service [Tomcat]
2026-04-30 00:42:37,760 [main] INFO  [] o.a.catalina.core.StandardEngine - Starting Servlet engine: [Apache Tomcat/11.0.14]
2026-04-30 00:42:37,883 [main] INFO  [] o.s.b.w.c.s.WebApplicationContextInitializer - Root WebApplicationContext: initialization completed in 6722 ms
2026-04-30 00:42:38,241 [main] DEBUG [] c.d.e.s.s.JwtAuthenticationFilter - Filter 'jwtAuthenticationFilter' configured for use
2026-04-30 00:42:38,612 [main] INFO  [] o.h.jpa.internal.util.LogHelper - HHH000204: Processing PersistenceUnitInfo [name: default]
2026-04-30 00:42:38,724 [main] INFO  [] org.hibernate.Version - HHH000412: Hibernate ORM core version 7.1.8.Final
2026-04-30 00:42:39,640 [main] INFO  [] o.s.o.j.p.SpringPersistenceUnitInfo - No LoadTimeWeaver setup: ignoring JPA class transformer
2026-04-30 00:42:39,698 [main] INFO  [] com.zaxxer.hikari.HikariDataSource - HikariPool-1 - Starting...
2026-04-30 00:42:39,991 [main] INFO  [] com.zaxxer.hikari.pool.HikariPool - HikariPool-1 - Added connection org.postgresql.jdbc.PgConnection@27ccf818
2026-04-30 00:42:39,993 [main] INFO  [] com.zaxxer.hikari.HikariDataSource - HikariPool-1 - Start completed.
2026-04-30 00:42:40,116 [main] INFO  [] o.hibernate.orm.connections.pooling - HHH10001005: Database info:
	Database JDBC URL [jdbc:postgresql://localhost:5432/ERP]
	Database driver: PostgreSQL JDBC Driver
	Database dialect: PostgreSQLDialect
	Database version: 17.6
	Default catalog/schema: ERP/public
	Autocommit mode: undefined/unknown
	Isolation level: READ_COMMITTED [default READ_COMMITTED]
	JDBC fetch size: none
	Pool: DatasourceConnectionProviderImpl
	Minimum pool size: undefined/unknown
	Maximum pool size: undefined/unknown
2026-04-30 00:42:43,218 [main] INFO  [] o.h.e.t.j.p.i.JtaPlatformInitiator - HHH000489: No JTA platform available (set 'hibernate.transaction.jta.platform' to enable JTA platform integration)
2026-04-30 00:42:43,585 [main] INFO  [] o.s.o.j.LocalContainerEntityManagerFactoryBean - Initialized JPA EntityManagerFactory for persistence unit 'default'
2026-04-30 00:42:43,932 [main] INFO  [] o.s.d.j.r.q.QueryEnhancerFactories - Hibernate is in classpath; If applicable, HQL parser will be used.
2026-04-30 00:42:51,140 [main] INFO  [] c.dz.erp.shared.outbox.OutboxPoller - Outbox poller: 1 targets
2026-04-30 00:42:52,022 [main] WARN  [] o.s.b.s.a.UserDetailsServiceAutoConfiguration - 

Using generated security password: f25ec206-7b25-43f5-ad0f-4aa2ac1b89d0

This generated password is for development use only. Your security configuration must be updated before running your application in production.

2026-04-30 00:42:52,037 [main] INFO  [] o.s.s.c.a.a.c.InitializeUserDetailsBeanManagerConfigurer$InitializeUserDetailsManagerConfigurer - Global AuthenticationManager configured with UserDetailsService bean with name inMemoryUserDetailsManager
2026-04-30 00:42:54,912 [main] INFO  [] o.s.b.a.e.web.EndpointLinksResolver - Exposing 3 endpoints beneath base path '/actuator'
2026-04-30 00:42:55,108 [main] INFO  [] o.s.boot.tomcat.TomcatWebServer - Tomcat started on port 8082 (http) with context path '/'
2026-04-30 00:42:55,144 [main] INFO  [] com.dz.erp.EngineAApplication - Started EngineAApplication in 25.503 seconds (process running for 27.479)
2026-04-30 00:42:55,364 [scheduling-2] INFO  [] c.d.e.c.c.a.WhatsAppSyncService - WhatsApp auto-sync: processing 0 tenants
2026-04-30 00:42:55,537 [scheduling-2] WARN  [] c.d.e.c.p.i.s.CatalogSchedulerService - Website sync: PIM product fetch failed for SKU12345 — I/O error on GET request for "http://localhost:8081/pim/v1/products": Connect to http://localhost:8081 failed: Connection refused: getsockopt
2026-04-30 00:42:58,025 [tomcat-handler-0] INFO  [] o.a.c.c.C.[Tomcat].[localhost].[/] - Initializing Spring DispatcherServlet 'dispatcherServlet'
2026-04-30 00:42:58,025 [tomcat-handler-0] INFO  [] o.s.web.servlet.DispatcherServlet - Initializing Servlet 'dispatcherServlet'
2026-04-30 00:42:58,029 [tomcat-handler-0] INFO  [] o.s.web.servlet.DispatcherServlet - Completed initialization in 4 ms
2026-04-30 00:43:07,959 [tomcat-handler-1] INFO  [] c.d.e.p.o.application.OcrJobService - OCR job a22ac2a5-48ce-4e00-81e2-bf54854189e7 queued for tenant default (file: photo_2026-04-26_13-43-15.jpg, 56955 bytes)
2026-04-30 00:43:07,978 [ocr-worker-1] INFO  [] c.d.e.p.o.i.c.HttpOcrEngineClient - OCR call → POST /extract-delivery-note (56955 bytes, mime=image/jpeg)
2026-04-30 00:43:35,866 [tomcat-handler-11] INFO  [] c.d.e.p.o.application.OcrJobService - OCR job 87ce83ab-6acf-4e3f-9666-b6345306227f queued for tenant default (file: photo_2026-04-26_13-43-15.jpg, 56955 bytes)
2026-04-30 00:43:35,890 [ocr-worker-2] INFO  [] c.d.e.p.o.i.c.HttpOcrEngineClient - OCR call → POST /extract-delivery-note (56955 bytes, mime=image/jpeg)
2026-04-30 00:44:31,340 [ocr-worker-1] INFO  [] c.d.e.p.o.i.c.HttpOcrEngineClient - OCR response received (502 bytes), preview={"bon_numero":"2167","date":"","time":"","client":"SECTEUR CENTER VILLE","colis":1,"condi":14,"qte":14,"prix_vente":123.0,"montant":1722.0,"total_montant":1722.0,"designation":"BRILEX LAVE VITRE 750ML
2026-04-30 00:44:31,419 [ocr-worker-1] INFO  [] c.d.e.p.o.i.c.HttpOcrEngineClient - OCR parsed → designation=BRILEX LAVE VITRE 750ML, qte=14, prix_vente=123.0, montant=1722.0, error=null
2026-04-30 00:44:31,423 [ocr-worker-1] INFO  [] c.d.e.p.o.i.c.HttpOcrEngineClient - OCR engine extraction succeeded — review=false, lines=1, bonNumero=2167, client=SECTEUR CENTER VILLE
2026-04-30 00:44:31,499 [ocr-worker-1] INFO  [] c.d.e.p.o.a.OcrExtractionWorker - OCR job a22ac2a5-48ce-4e00-81e2-bf54854189e7 extracted 1 line(s), bonNumero=2167, client=SECTEUR CENTER VILLE
2026-04-30 00:45:37,299 [tomcat-handler-34] INFO  [] c.d.e.p.o.application.OcrJobService - OCR job bf5198e8-94e6-486b-8660-8c30c85f35df queued for tenant default (file: photo_2026-04-26_13-43-15.jpg, 56955 bytes)
2026-04-30 00:45:37,310 [ocr-worker-1] INFO  [] c.d.e.p.o.i.c.HttpOcrEngineClient - OCR call → POST /extract-delivery-note (56955 bytes, mime=image/jpeg)
2026-04-30 00:45:54,863 [ocr-worker-2] INFO  [] c.d.e.p.o.i.c.HttpOcrEngineClient - OCR response received (502 bytes), preview={"bon_numero":"2167","date":"","time":"","client":"SECTEUR CENTER VILLE","colis":1,"condi":14,"qte":14,"prix_vente":123.0,"montant":1722.0,"total_montant":1722.0,"designation":"BRILEX LAVE VITRE 750ML
2026-04-30 00:45:54,863 [ocr-worker-2] INFO  [] c.d.e.p.o.i.c.HttpOcrEngineClient - OCR parsed → designation=BRILEX LAVE VITRE 750ML, qte=14, prix_vente=123.0, montant=1722.0, error=null
2026-04-30 00:45:54,864 [ocr-worker-2] INFO  [] c.d.e.p.o.i.c.HttpOcrEngineClient - OCR engine extraction succeeded — review=false, lines=1, bonNumero=2167, client=SECTEUR CENTER VILLE
2026-04-30 00:45:54,880 [ocr-worker-2] INFO  [] c.d.e.p.o.a.OcrExtractionWorker - OCR job 87ce83ab-6acf-4e3f-9666-b6345306227f extracted 1 line(s), bonNumero=2167, client=SECTEUR CENTER VILLE
2026-04-30 00:47:16,578 [ocr-worker-1] INFO  [] c.d.e.p.o.i.c.HttpOcrEngineClient - OCR response received (502 bytes), preview={"bon_numero":"2167","date":"","time":"","client":"SECTEUR CENTER VILLE","colis":1,"condi":14,"qte":14,"prix_vente":123.0,"montant":1722.0,"total_montant":1722.0,"designation":"BRILEX LAVE VITRE 750ML
2026-04-30 00:47:16,579 [ocr-worker-1] INFO  [] c.d.e.p.o.i.c.HttpOcrEngineClient - OCR parsed → designation=BRILEX LAVE VITRE 750ML, qte=14, prix_vente=123.0, montant=1722.0, error=null
2026-04-30 00:47:16,580 [ocr-worker-1] INFO  [] c.d.e.p.o.i.c.HttpOcrEngineClient - OCR engine extraction succeeded — review=false, lines=1, bonNumero=2167, client=SECTEUR CENTER VILLE
2026-04-30 00:47:16,601 [ocr-worker-1] INFO  [] c.d.e.p.o.a.OcrExtractionWorker - OCR job bf5198e8-94e6-486b-8660-8c30c85f35df extracted 1 line(s), bonNumero=2167, client=SECTEUR CENTER VILLE
2026-04-30 00:47:55,555 [scheduling-2] WARN  [] c.d.e.c.p.i.s.CatalogSchedulerService - Website sync: PIM product fetch failed for SKU12345 — I/O error on GET request for "http://localhost:8081/pim/v1/products": Connect to http://localhost:8081 failed: Connection refused: getsockopt
2026-04-30 00:52:55,582 [scheduling-2] WARN  [] c.d.e.c.p.i.s.CatalogSchedulerService - Website sync: PIM product fetch failed for SKU12345 — I/O error on GET request for "http://localhost:8081/pim/v1/products": Connect to http://localhost:8081 failed: Connection refused: getsockopt
2026-04-30 00:57:55,605 [scheduling-2] WARN  [] c.d.e.c.p.i.s.CatalogSchedulerService - Website sync: PIM product fetch failed for SKU12345 — I/O error on GET request for "http://localhost:8081/pim/v1/products": Connect to http://localhost:8081 failed: Connection refused: getsockopt
